*+ WARNING: Subtracted 9.99 sec from 6 times for -stim_times 1; 1 times < 0 resulted!
*+ WARNING: '-stim_times 1' (LOCAL) run#1 has 1 times outside range 0 .. 287.683 [PSFB syndrome]
*+ WARNING: -------------------------------------------------
*+ WARNING: Problems with the X matrix columns, listed below:
*+ WARNING: !! * Column 45 [50sPrd5sDur_stim#42] is all zeros
*+ WARNING: -------------------------------------------------
*+ WARNING: !! in Signal+Baseline matrix:
 * Largest singular value=1.66633
 * 1 singular value is less than cutoff=1.66633e-07
 * Implies strong collinearity in the matrix columns! 
*+ WARNING: !! in Signal-only matrix:
 * Largest singular value=1.37927
 * 1 singular value is less than cutoff=1.37927e-07
 * Implies strong collinearity in the matrix columns! 
** ERROR: !! 3dDeconvolve: Can't run past 3 matrix warnings without '-GOFORIT 3'
** ERROR: !!                Currently at -GOFORIT 0
** ERROR: !! See file 3dDeconvolve.err for all WARNING and ERROR messages !!
** ERROR: !! Be sure you understand what you are doing before using -GOFORIT !!
** ERROR: !! If in doubt, consult with someone or with the AFNI message board !!
** FATAL ERROR: !! 3dDeconvolve (regretfully) shuts itself down !!
